==7588== Helgrind, a thread error detector
==7588== Copyright (C) 2007-2024, and GNU GPL'd, by OpenWorks LLP et al.
==7588== Using Valgrind-3.25.1 and LibVEX; rerun with -h for copyright info
==7588== Command: bin/conta-objetos-paralelo tests/exemplos/exemplo5.txt 4
==7588== Parent PID: 7567
==7588== 

Helgrind: hg_main.c:5411 (hg_handle_client_request): Assertion 'found' failed.

host stacktrace:
==7588==    at 0x5801D90D: show_sched_status_wrk (m_libcassert.c:426)
==7588==    by 0x5801DB7D: report_and_quit (m_libcassert.c:497)
==7588==    by 0x5801DD50: vgPlain_assert_fail (m_libcassert.c:563)
==7588==    by 0x5800ADE2: hg_handle_client_request (hg_main.c:5411)
==7588==    by 0x5802C293: wrap_tool_handle_client_request (m_tooliface.c:289)
==7588==    by 0x580636D5: do_client_request (scheduler.c:2280)
==7588==    by 0x580636D5: vgPlain_scheduler (scheduler.c:1573)
==7588==    by 0x580B0999: thread_wrapper (syswrap-linux.c:102)
==7588==    by 0x580B0999: run_a_thread_NORETURN (syswrap-linux.c:155)

sched status:
  running_tid=1

Thread 1: status = VgTs_Runnable (lwpid 7588)
==7588==    at 0x48C1876: pthread_join_WRK (hg_intercepts.c:588)
==7588==    by 0x400137A: main (in /root/t1/bin/conta-objetos-paralelo)
client stack range: [0x1FFEFFF000 0x1FFF000FFF] client SP: 0x1FFF000A40
valgrind stack range: [0x10030CF000 0x10031CEFFF] top usage: 10232 of 1048576


Note: see also the FAQ in the source distribution.
It contains workarounds to several common problems.
In particular, if Valgrind aborted or crashed after
identifying problems in your program, there's a good chance
that fixing those problems will prevent Valgrind aborting or
crashing, especially if it happened in m_mallocfree.c.

If that doesn't help, please report this bug to: www.valgrind.org

In the bug report, send all the above text, the valgrind
version, and what OS and version you are using.  Thanks.

